// Jest Snapshot v1, https://goo.gl/fbAQLP

exports[`Storyshots Components|Elements.BookCard Book Card with configurable style 1`] = `
<div
  className="css-16vu25q"
>
  <div
    className="css-1mrlfg6"
  >
    <img
      className="css-9taffg"
      src="https://i.pinimg.com/600x315/73/20/9c/73209c21dec8e08ea18d41a5cc144c0d.jpg"
    />
    <div
      className="css-h9fdzh"
    >
      <ul
        style={
          Object {
            "color": "#121621",
            "display": "flex",
            "listStyle": "none",
            "margin": 0,
            "padding": 0,
          }
        }
      >
        <li
          onClick={[Function]}
          style={
            Object {
              "cursor": "pointer",
              "marginRight": 16,
              "position": "relative",
            }
          }
          title="1 star"
        >
          <svg
            style={
              Object {
                "color": "#121621",
                "display": "block",
                "fill": "rgba(0, 0, 0, 0.04)",
                "height": 36,
                "transition": "color 0.5s ease-in-out, fill 0.5s ease-in-out",
                "width": 36,
              }
            }
            viewBox="0 0 36 34"
            xmlns="http://www.w3.org/2000/svg"
          >
            <path
              d="M19.6859343,0.861782958 L24.8136328,8.05088572 C25.0669318,8.40601432 25.4299179,8.6717536 25.8489524,8.80883508 L34.592052,11.6690221 C35.6704701,12.021812 36.2532905,13.1657829 35.8938178,14.2241526 C35.8056709,14.4836775 35.6647294,14.7229267 35.4795411,14.9273903 L29.901129,21.0864353 C29.5299163,21.4962859 29.3444371,22.0366367 29.3872912,22.5833831 L30.1116131,31.8245163 C30.1987981,32.9368499 29.3506698,33.9079379 28.2172657,33.993502 C27.9437428,34.0141511 27.6687736,33.9809301 27.4085205,33.8957918 L18.6506147,31.0307612 C18.2281197,30.8925477 17.7713439,30.8925477 17.3488489,31.0307612 L8.59094317,33.8957918 C7.51252508,34.2485817 6.34688429,33.6765963 5.98741159,32.6182265 C5.90066055,32.3628116 5.86681029,32.0929542 5.88785051,31.8245163 L6.61217242,22.5833831 C6.65502653,22.0366367 6.46954737,21.4962859 6.09833466,21.0864353 L0.519922484,14.9273903 C-0.235294755,14.0935658 -0.158766688,12.8167745 0.690852706,12.0755971 C0.899189467,11.8938516 1.14297067,11.7555303 1.40741159,11.6690221 L10.1505113,8.80883508 C10.5695458,8.6717536 10.9325319,8.40601432 11.1858308,8.05088572 L16.3135293,0.861782958 C16.9654141,-0.0521682813 18.2488096,-0.274439442 19.1800736,0.365326425 C19.3769294,0.500563797 19.5481352,0.668586713 19.6859343,0.861782958 Z"
              fill="currentColor"
            />
          </svg>
        </li>
        <li
          onClick={[Function]}
          style={
            Object {
              "cursor": "pointer",
              "marginRight": 16,
              "position": "relative",
            }
          }
          title="2 star"
        >
          <svg
            style={
              Object {
                "color": "#121621",
                "display": "block",
                "fill": "rgba(0, 0, 0, 0.04)",
                "height": 36,
                "transition": "color 0.5s ease-in-out, fill 0.5s ease-in-out",
                "width": 36,
              }
            }
            viewBox="0 0 36 34"
            xmlns="http://www.w3.org/2000/svg"
          >
            <path
              d="M19.6859343,0.861782958 L24.8136328,8.05088572 C25.0669318,8.40601432 25.4299179,8.6717536 25.8489524,8.80883508 L34.592052,11.6690221 C35.6704701,12.021812 36.2532905,13.1657829 35.8938178,14.2241526 C35.8056709,14.4836775 35.6647294,14.7229267 35.4795411,14.9273903 L29.901129,21.0864353 C29.5299163,21.4962859 29.3444371,22.0366367 29.3872912,22.5833831 L30.1116131,31.8245163 C30.1987981,32.9368499 29.3506698,33.9079379 28.2172657,33.993502 C27.9437428,34.0141511 27.6687736,33.9809301 27.4085205,33.8957918 L18.6506147,31.0307612 C18.2281197,30.8925477 17.7713439,30.8925477 17.3488489,31.0307612 L8.59094317,33.8957918 C7.51252508,34.2485817 6.34688429,33.6765963 5.98741159,32.6182265 C5.90066055,32.3628116 5.86681029,32.0929542 5.88785051,31.8245163 L6.61217242,22.5833831 C6.65502653,22.0366367 6.46954737,21.4962859 6.09833466,21.0864353 L0.519922484,14.9273903 C-0.235294755,14.0935658 -0.158766688,12.8167745 0.690852706,12.0755971 C0.899189467,11.8938516 1.14297067,11.7555303 1.40741159,11.6690221 L10.1505113,8.80883508 C10.5695458,8.6717536 10.9325319,8.40601432 11.1858308,8.05088572 L16.3135293,0.861782958 C16.9654141,-0.0521682813 18.2488096,-0.274439442 19.1800736,0.365326425 C19.3769294,0.500563797 19.5481352,0.668586713 19.6859343,0.861782958 Z"
              fill="currentColor"
            />
          </svg>
        </li>
        <li
          onClick={[Function]}
          style={
            Object {
              "cursor": "pointer",
              "marginRight": 16,
              "position": "relative",
            }
          }
          title="3 star"
        >
          <svg
            style={
              Object {
                "color": "#121621",
                "display": "block",
                "fill": "rgba(0, 0, 0, 0.04)",
                "height": 36,
                "transition": "color 0.5s ease-in-out, fill 0.5s ease-in-out",
                "width": 36,
              }
            }
            viewBox="0 0 36 34"
            xmlns="http://www.w3.org/2000/svg"
          >
            <path
              d="M19.6859343,0.861782958 L24.8136328,8.05088572 C25.0669318,8.40601432 25.4299179,8.6717536 25.8489524,8.80883508 L34.592052,11.6690221 C35.6704701,12.021812 36.2532905,13.1657829 35.8938178,14.2241526 C35.8056709,14.4836775 35.6647294,14.7229267 35.4795411,14.9273903 L29.901129,21.0864353 C29.5299163,21.4962859 29.3444371,22.0366367 29.3872912,22.5833831 L30.1116131,31.8245163 C30.1987981,32.9368499 29.3506698,33.9079379 28.2172657,33.993502 C27.9437428,34.0141511 27.6687736,33.9809301 27.4085205,33.8957918 L18.6506147,31.0307612 C18.2281197,30.8925477 17.7713439,30.8925477 17.3488489,31.0307612 L8.59094317,33.8957918 C7.51252508,34.2485817 6.34688429,33.6765963 5.98741159,32.6182265 C5.90066055,32.3628116 5.86681029,32.0929542 5.88785051,31.8245163 L6.61217242,22.5833831 C6.65502653,22.0366367 6.46954737,21.4962859 6.09833466,21.0864353 L0.519922484,14.9273903 C-0.235294755,14.0935658 -0.158766688,12.8167745 0.690852706,12.0755971 C0.899189467,11.8938516 1.14297067,11.7555303 1.40741159,11.6690221 L10.1505113,8.80883508 C10.5695458,8.6717536 10.9325319,8.40601432 11.1858308,8.05088572 L16.3135293,0.861782958 C16.9654141,-0.0521682813 18.2488096,-0.274439442 19.1800736,0.365326425 C19.3769294,0.500563797 19.5481352,0.668586713 19.6859343,0.861782958 Z"
              fill="currentColor"
            />
          </svg>
        </li>
        <li
          onClick={[Function]}
          style={
            Object {
              "cursor": "pointer",
              "marginRight": 16,
              "position": "relative",
            }
          }
          title="4 star"
        >
          <svg
            style={
              Object {
                "color": "#121621",
                "display": "block",
                "fill": "rgba(0, 0, 0, 0.04)",
                "height": 36,
                "transition": "color 0.5s ease-in-out, fill 0.5s ease-in-out",
                "width": 36,
              }
            }
            viewBox="0 0 36 34"
            xmlns="http://www.w3.org/2000/svg"
          >
            <path
              d="M19.6859343,0.861782958 L24.8136328,8.05088572 C25.0669318,8.40601432 25.4299179,8.6717536 25.8489524,8.80883508 L34.592052,11.6690221 C35.6704701,12.021812 36.2532905,13.1657829 35.8938178,14.2241526 C35.8056709,14.4836775 35.6647294,14.7229267 35.4795411,14.9273903 L29.901129,21.0864353 C29.5299163,21.4962859 29.3444371,22.0366367 29.3872912,22.5833831 L30.1116131,31.8245163 C30.1987981,32.9368499 29.3506698,33.9079379 28.2172657,33.993502 C27.9437428,34.0141511 27.6687736,33.9809301 27.4085205,33.8957918 L18.6506147,31.0307612 C18.2281197,30.8925477 17.7713439,30.8925477 17.3488489,31.0307612 L8.59094317,33.8957918 C7.51252508,34.2485817 6.34688429,33.6765963 5.98741159,32.6182265 C5.90066055,32.3628116 5.86681029,32.0929542 5.88785051,31.8245163 L6.61217242,22.5833831 C6.65502653,22.0366367 6.46954737,21.4962859 6.09833466,21.0864353 L0.519922484,14.9273903 C-0.235294755,14.0935658 -0.158766688,12.8167745 0.690852706,12.0755971 C0.899189467,11.8938516 1.14297067,11.7555303 1.40741159,11.6690221 L10.1505113,8.80883508 C10.5695458,8.6717536 10.9325319,8.40601432 11.1858308,8.05088572 L16.3135293,0.861782958 C16.9654141,-0.0521682813 18.2488096,-0.274439442 19.1800736,0.365326425 C19.3769294,0.500563797 19.5481352,0.668586713 19.6859343,0.861782958 Z"
              fill="currentColor"
            />
          </svg>
        </li>
        <li
          onClick={[Function]}
          style={
            Object {
              "cursor": "pointer",
              "marginRight": 0,
              "position": "relative",
            }
          }
          title="5 star"
        >
          <svg
            style={
              Object {
                "color": "#121621",
                "display": "block",
                "fill": "rgba(0, 0, 0, 0.04)",
                "height": 36,
                "transition": "color 0.5s ease-in-out, fill 0.5s ease-in-out",
                "width": 36,
              }
            }
            viewBox="0 0 36 34"
            xmlns="http://www.w3.org/2000/svg"
          >
            <path
              d="M19.6859343,0.861782958 L24.8136328,8.05088572 C25.0669318,8.40601432 25.4299179,8.6717536 25.8489524,8.80883508 L34.592052,11.6690221 C35.6704701,12.021812 36.2532905,13.1657829 35.8938178,14.2241526 C35.8056709,14.4836775 35.6647294,14.7229267 35.4795411,14.9273903 L29.901129,21.0864353 C29.5299163,21.4962859 29.3444371,22.0366367 29.3872912,22.5833831 L30.1116131,31.8245163 C30.1987981,32.9368499 29.3506698,33.9079379 28.2172657,33.993502 C27.9437428,34.0141511 27.6687736,33.9809301 27.4085205,33.8957918 L18.6506147,31.0307612 C18.2281197,30.8925477 17.7713439,30.8925477 17.3488489,31.0307612 L8.59094317,33.8957918 C7.51252508,34.2485817 6.34688429,33.6765963 5.98741159,32.6182265 C5.90066055,32.3628116 5.86681029,32.0929542 5.88785051,31.8245163 L6.61217242,22.5833831 C6.65502653,22.0366367 6.46954737,21.4962859 6.09833466,21.0864353 L0.519922484,14.9273903 C-0.235294755,14.0935658 -0.158766688,12.8167745 0.690852706,12.0755971 C0.899189467,11.8938516 1.14297067,11.7555303 1.40741159,11.6690221 L10.1505113,8.80883508 C10.5695458,8.6717536 10.9325319,8.40601432 11.1858308,8.05088572 L16.3135293,0.861782958 C16.9654141,-0.0521682813 18.2488096,-0.274439442 19.1800736,0.365326425 C19.3769294,0.500563797 19.5481352,0.668586713 19.6859343,0.861782958 Z"
              fill="currentColor"
            />
          </svg>
        </li>
      </ul>
      <h3
        className="sc-AxjAm iqgaMn"
        color="#2d8fd5"
        fontFamily="Artifika"
        fontSize={
          Array [
            12,
            12,
            13,
            13,
            13,
            14,
          ]
        }
        fontWeight={700}
      >
        harry potter
      </h3>
      <p
        className="sc-AxjAm dmFBGQ"
        fontFamily="\\"Verdana\\", sans-serif"
        fontSize={0}
      >
        example description
      </p>
    </div>
  </div>
</div>
`;

exports[`Storyshots Components|Elements.BookGrid Book Grid for list 1`] = `
<div
  className="css-13ieuz9"
/>
`;

exports[`Storyshots Components|Elements.NavBar Navbar with wrapper 1`] = `
Array [
  <div
    className="css-9suweq"
  >
    <a
      href="/"
      onClick={[Function]}
    >
      <h1
        className="sc-AxjAm iLVLdl"
        color="#2d8fd5"
        fontFamily="Artifika"
        fontSize={
          Array [
            12,
            12,
            13,
            13,
            13,
            14,
          ]
        }
        fontWeight="bold"
      >
        DashBoard
      </h1>
    </a>
    <div
      className="css-1ntkiwo"
    />
    <a
      href="/login"
      onClick={[Function]}
    >
      <h1
        className="sc-AxjAm iLVLdl"
        color="#2d8fd5"
        fontFamily="Artifika"
        fontSize={
          Array [
            12,
            12,
            13,
            13,
            13,
            14,
          ]
        }
        fontWeight="bold"
      >
        Login
      </h1>
    </a>
  </div>,
  <div>
    I'm the dashboard component
  </div>,
]
`;

exports[`Storyshots Components|Pages.Login Login prompt 1`] = `
<div
  className="css-tm0ebp"
>
  <div
    className="css-170h25s"
  >
    <div
      className="css-1mrlfg6"
    >
      <div
        className="css-h9fdzh"
      >
        <label
          className="css-knfhfe"
          htmlFor="email"
        >
          <p
            className="sc-AxjAm eXlAEU"
            fontFamily="\\"Verdana\\", sans-serif"
            fontSize={
              Array [
                3,
                3,
                4,
                4,
                5,
                5,
              ]
            }
          >
            Email
          </p>
        </label>
        <input
          className="css-kplop5"
          id="email"
          name="email"
          onChange={[Function]}
          placeholder="jane@example.com"
          type="email"
        />
      </div>
      <div
        className="css-h9fdzh"
      >
        <label
          className="css-knfhfe"
          htmlFor="Password"
        >
          <p
            className="sc-AxjAm eXlAEU"
            fontFamily="\\"Verdana\\", sans-serif"
            fontSize={
              Array [
                3,
                3,
                4,
                4,
                5,
                5,
              ]
            }
          >
            Password
          </p>
        </label>
        <input
          className="css-kplop5"
          id="password"
          name="password"
          onChange={[Function]}
          placeholder="your password here..."
          type="password"
        />
      </div>
      <div
        className="css-28fdfd"
      >
        <button
          className="css-r257o7"
          onClick={[Function]}
        >
          Login
        </button>
      </div>
    </div>
  </div>
</div>
`;

exports[`Storyshots Components|Pages.Register Register prompt 1`] = `
<div
  className="css-tm0ebp"
>
  <div
    className="css-170h25s"
  >
    <div
      className="css-1mrlfg6"
    >
      <div
        className="css-h9fdzh"
      >
        <label
          className="css-knfhfe"
          htmlFor="email"
        >
          <p
            className="sc-AxjAm eXlAEU"
            fontFamily="\\"Verdana\\", sans-serif"
            fontSize={
              Array [
                3,
                3,
                4,
                4,
                5,
                5,
              ]
            }
          >
            Email
          </p>
        </label>
        <input
          className="css-kplop5"
          id="email"
          name="email"
          onChange={[Function]}
          placeholder="jane@example.com"
          type="email"
        />
      </div>
      <div
        className="css-h9fdzh"
      >
        <label
          className="css-knfhfe"
          htmlFor="Password"
        >
          <p
            className="sc-AxjAm eXlAEU"
            fontFamily="\\"Verdana\\", sans-serif"
            fontSize={
              Array [
                3,
                3,
                4,
                4,
                5,
                5,
              ]
            }
          >
            Password
          </p>
        </label>
        <input
          className="css-kplop5"
          id="password"
          name="password"
          onChange={[Function]}
          placeholder="your password here..."
          type="password"
        />
      </div>
      <div
        className="css-h9fdzh"
      >
        <label
          className="css-knfhfe"
          htmlFor="Password"
        >
          <p
            className="sc-AxjAm eXlAEU"
            fontFamily="\\"Verdana\\", sans-serif"
            fontSize={
              Array [
                3,
                3,
                4,
                4,
                5,
                5,
              ]
            }
          >
            Confirm Password
          </p>
        </label>
        <input
          className="css-kplop5"
          id="re-password"
          name="re-password"
          onChange={[Function]}
          placeholder="confirm the password..."
          type="password"
        />
      </div>
      <div
        className="css-28fdfd"
      >
        <button
          className="css-r257o7"
          onClick={[Function]}
        >
          Register
        </button>
      </div>
    </div>
  </div>
</div>
`;

exports[`Storyshots Typography|Body.Body Basic Body with configurable style 1`] = `
<apple
  className="sc-AxjAm pHOtr"
  color="#428bca"
  fontFamily="\\"Verdana\\", sans-serif"
  fontSize={
    Array [
      3,
      3,
      4,
      4,
      5,
      5,
    ]
  }
>
  Sample Header
</apple>
`;

exports[`Storyshots Typography|Headings.Artifika Basic Header with configurable style 1`] = `
<h1
  className="sc-AxjAm ledlAQ"
  color="#428bca"
  fontFamily="Artifika"
  fontSize={
    Array [
      12,
      12,
      13,
      13,
      13,
      14,
    ]
  }
  fontWeight={700}
>
  Sample Header
</h1>
`;
